\BOOKMARK [1][-]{section.1}{\376\377\137\025\212\000}{}% 1
\BOOKMARK [1][-]{section.2}{\376\377\137\353\220\037\120\205\221\314\123\366\123\330\143\142\377\010\000F\000F\000T\377\011}{}% 2
\BOOKMARK [2][-]{subsection.2.1}{\376\377\120\205\172\313\123\366\123\330\143\142}{section.2}% 3
\BOOKMARK [2][-]{subsection.2.2}{\376\377\171\273\145\143\120\205\221\314\123\366\123\330\143\142}{section.2}% 4
\BOOKMARK [2][-]{subsection.2.3}{\376\377\167\351\226\065\210\150\171\072}{section.2}% 5
\BOOKMARK [2][-]{subsection.2.4}{\376\377\131\032\230\171\137\017\211\306\211\322\116\016\127\372\123\330\143\142\211\343\221\312}{section.2}% 6
\BOOKMARK [2][-]{subsection.2.5}{\376\377\000F\000F\000T\000\040\166\204\167\351\226\065\122\006\211\343\140\035\140\363}{section.2}% 7
\BOOKMARK [2][-]{subsection.2.6}{\376\377\000F\000F\000T\000\040\166\204\167\351\226\065\122\006\211\343\116\016\122\006\154\273\211\343\221\312}{section.2}% 8
\BOOKMARK [2][-]{subsection.2.7}{\376\377\207\166\137\142\217\320\173\227\166\204\176\277\140\047\116\343\145\160\141\017\116\111}{section.2}% 9
\BOOKMARK [2][-]{subsection.2.8}{\376\377\000F\000F\000T\000\040\127\050\126\376\120\317\123\213\177\051\116\055\166\204\141\017\116\111}{section.2}% 10
\BOOKMARK [1][-]{section.3}{\376\377\000P\000A\000C\145\160\133\146\123\237\164\006}{}% 11
\BOOKMARK [2][-]{subsection.3.1}{\376\377\176\337\213\241\133\146\211\306\211\322\377\032\123\117\145\271\135\356\116\016\147\000\131\047\145\271\135\356\164\006\213\272}{section.3}% 12
\BOOKMARK [2][-]{subsection.3.2}{\376\377\116\343\145\160\211\306\211\322\377\032\131\107\137\002\120\074\122\006\211\343\000\040\000\050\000S\000V\000D\000\051}{section.3}% 13
\BOOKMARK [2][-]{subsection.3.3}{\376\377\147\000\117\030\117\116\171\351\217\321\117\074\116\016\000\040\000E\000c\000k\000a\000r\000t\000-\000Y\000o\000u\000n\000g\000-\000M\000i\000r\000s\000k\000y\000\040\133\232\164\006}{section.3}% 14
\BOOKMARK [1][-]{section.4}{\376\377\000P\000A\000C\133\236\232\214\122\006\147\220}{}% 15
\BOOKMARK [2][-]{subsection.4.1}{\376\377\173\227\154\325\133\236\163\260\155\101\172\013}{section.4}% 16
\BOOKMARK [2][-]{subsection.4.2}{\376\377\133\236\232\214\213\276\177\156}{section.4}% 17
\BOOKMARK [2][-]{subsection.4.3}{\376\377\176\323\147\234\116\016\213\250\213\272}{section.4}% 18
\BOOKMARK [3][-]{subsubsection.4.3.1}{\376\377\215\050\221\317\116\016\171\351\166\204\147\103\210\141\122\006\147\220}{subsection.4.3}% 19
\BOOKMARK [3][-]{subsubsection.4.3.2}{\376\377\133\130\120\250\174\276\136\246\116\016\040\034\215\037\123\213\177\051\040\035\163\260\214\141\166\204\135\345\172\013\122\006\147\220}{subsection.4.3}% 20
\BOOKMARK [3][-]{subsubsection.4.3.3}{\376\377\126\376\120\317\121\205\133\271\166\204\230\221\214\061\145\117\141\037\140\047}{subsection.4.3}% 21
\BOOKMARK [1][-]{section.5}{\376\377\176\323\213\272}{}% 22
